2026-06-20 19:51:41 | INFO | ============================================================
2026-06-20 19:51:41 | INFO | Strategy: SMOTE on TF-IDF features
2026-06-20 19:51:41 | INFO | Data loaded | train=10,535 | val=1,317 | test=1,317
2026-06-20 19:52:36 | INFO | SMOTE applied | total=18,752
2026-06-20 19:53:27 | INFO | SMOTE applied | total=18,752
2026-06-20 19:53:27 | INFO | ============================================================
2026-06-20 19:53:27 | INFO | LR: training start
2026-06-20 19:53:27 | INFO | LR: starting hyperparameter tuning (10 trials)
2026-06-20 19:53:32 | INFO | LR | trial   0 | params={'C': 0.0745934328572655, 'solver': 'lbfgs'} | train_F1=0.8095 | val_CV_F1=0.7772
2026-06-20 19:53:44 | INFO | LR | trial   1 | params={'C': 0.9846738873614566, 'solver': 'lbfgs'} | train_F1=0.9151 | val_CV_F1=0.8613
2026-06-20 19:53:46 | INFO | LR | trial   2 | params={'C': 0.0019517224641449498, 'solver': 'lbfgs'} | train_F1=0.6685 | val_CV_F1=0.6559
2026-06-20 19:54:09 | INFO | LR | trial   3 | params={'C': 3.4702669886504163, 'solver': 'saga'} | train_F1=0.9534 | val_CV_F1=0.8859
2026-06-20 19:54:35 | INFO | LR | trial   4 | params={'C': 14.528246637516036, 'solver': 'lbfgs'} | train_F1=0.9853 | val_CV_F1=0.8980
2026-06-20 19:54:38 | INFO | LR | trial   5 | params={'C': 0.008260808399079604, 'solver': 'saga'} | train_F1=0.7144 | val_CV_F1=0.6919
2026-06-20 19:54:42 | INFO | LR | trial   6 | params={'C': 0.14445251022763064, 'solver': 'saga'} | train_F1=0.8408 | val_CV_F1=0.8050
2026-06-20 19:54:46 | INFO | LR | trial   7 | params={'C': 0.004982752357076452, 'solver': 'saga'} | train_F1=0.6969 | val_CV_F1=0.6752
2026-06-20 19:54:52 | INFO | LR | trial   8 | params={'C': 0.19069966103000435, 'solver': 'lbfgs'} | train_F1=0.8504 | val_CV_F1=0.8161
2026-06-20 19:54:59 | INFO | LR | trial   9 | params={'C': 0.37253938395788866, 'solver': 'lbfgs'} | train_F1=0.8762 | val_CV_F1=0.8364
2026-06-20 19:54:59 | INFO | LR BEST | params={'C': 14.528246637516036, 'solver': 'lbfgs'} | val_CV_F1=0.8980
2026-06-20 19:54:59 | INFO | LR: training final model with best params={'C': 14.528246637516036, 'solver': 'lbfgs'}
2026-06-20 19:55:14 | INFO | LR | TRAIN | macro_F1=0.9853
2026-06-20 19:55:14 | INFO | LR | TRAIN | classification report:
              precision    recall  f1-score   support

     Level 0       0.99      0.98      0.98      4688
     Level 1       0.98      0.97      0.97      4688
     Level 2       0.98      0.99      0.99      4688
     Level 3       1.00      1.00      1.00      4688

    accuracy                           0.99     18752
   macro avg       0.99      0.99      0.99     18752
weighted avg       0.99      0.99      0.99     18752

2026-06-20 19:55:14 | INFO | LR | TEST | macro_F1=0.7395
2026-06-20 19:55:14 | INFO | LR | TEST | classification report:
              precision    recall  f1-score   support

     Level 0       0.86      0.86      0.86       586
     Level 1       0.78      0.77      0.78       513
     Level 2       0.53      0.57      0.55       171
     Level 3       0.78      0.77      0.77        47

    accuracy                           0.78      1317
   macro avg       0.74      0.74      0.74      1317
weighted avg       0.78      0.78      0.78      1317

2026-06-20 19:55:14 | INFO | LR SUMMARY | best_params={'C': 14.528246637516036, 'solver': 'lbfgs'}
2026-06-20 19:55:14 | INFO | ============================================================
2026-06-20 19:55:14 | INFO | NB: training start
2026-06-20 19:55:14 | INFO | NB: starting hyperparameter tuning (10 trials)
2026-06-20 19:55:15 | INFO | NB | trial   0 | params={'alpha': 0.03148911647956861, 'norm': True} | train_F1=0.5358 | val_CV_F1=0.5133
2026-06-20 19:55:15 | INFO | NB | trial   1 | params={'alpha': 0.24810409748678125, 'norm': True} | train_F1=0.6546 | val_CV_F1=0.6416
2026-06-20 19:55:16 | INFO | NB | trial   2 | params={'alpha': 0.0017073967431528124, 'norm': True} | train_F1=0.4702 | val_CV_F1=0.4305
2026-06-20 19:55:16 | INFO | NB | trial   3 | params={'alpha': 0.679657809075816, 'norm': False} | train_F1=0.7948 | val_CV_F1=0.7621
2026-06-20 19:55:17 | INFO | NB | trial   4 | params={'alpha': 2.1368329072358767, 'norm': True} | train_F1=0.7397 | val_CV_F1=0.7172
2026-06-20 19:55:17 | INFO | NB | trial   5 | params={'alpha': 0.00541524411940254, 'norm': False} | train_F1=0.8353 | val_CV_F1=0.7822
2026-06-20 19:55:17 | INFO | NB | trial   6 | params={'alpha': 0.05342937261279776, 'norm': False} | train_F1=0.8249 | val_CV_F1=0.7805
2026-06-20 19:55:18 | INFO | NB | trial   7 | params={'alpha': 0.003613894271216527, 'norm': False} | train_F1=0.8366 | val_CV_F1=0.7826
2026-06-20 19:55:18 | INFO | NB | trial   8 | params={'alpha': 0.06672367170464207, 'norm': True} | train_F1=0.5722 | val_CV_F1=0.5545
2026-06-20 19:55:19 | INFO | NB | trial   9 | params={'alpha': 0.11400863701127326, 'norm': True} | train_F1=0.6032 | val_CV_F1=0.5880
2026-06-20 19:55:19 | INFO | NB BEST | params={'alpha': 0.003613894271216527, 'norm': False} | val_CV_F1=0.7826
2026-06-20 19:55:19 | INFO | NB: training final model with best params={'alpha': 0.003613894271216527, 'norm': False}
2026-06-20 19:55:19 | INFO | NB | TRAIN | macro_F1=0.8366
2026-06-20 19:55:19 | INFO | NB | TRAIN | classification report:
              precision    recall  f1-score   support

     Level 0       0.87      0.88      0.88      4688
     Level 1       0.84      0.78      0.81      4688
     Level 2       0.87      0.72      0.79      4688
     Level 3       0.79      0.98      0.88      4688

    accuracy                           0.84     18752
   macro avg       0.84      0.84      0.84     18752
weighted avg       0.84      0.84      0.84     18752

2026-06-20 19:55:19 | INFO | NB | TEST | macro_F1=0.6031
2026-06-20 19:55:19 | INFO | NB | TEST | classification report:
              precision    recall  f1-score   support

     Level 0       0.76      0.82      0.79       586
     Level 1       0.75      0.62      0.68       513
     Level 2       0.51      0.42      0.46       171
     Level 3       0.34      0.87      0.49        47

    accuracy                           0.69      1317
   macro avg       0.59      0.68      0.60      1317
weighted avg       0.71      0.69      0.69      1317

2026-06-20 19:55:19 | INFO | NB SUMMARY | best_params={'alpha': 0.003613894271216527, 'norm': False}
2026-06-20 19:55:19 | INFO | ============================================================
2026-06-20 19:55:19 | INFO | SVM: training start
2026-06-20 19:55:19 | INFO | SVM: starting hyperparameter tuning (10 trials)
2026-06-20 19:55:21 | INFO | SVM | trial   0 | params={'C': 0.0745934328572655} | train_F1=0.8709 | val_CV_F1=0.8341
2026-06-20 19:56:22 | INFO | SVM | trial   1 | params={'C': 56.69849511478853} | train_F1=0.9980 | val_CV_F1=0.8995
2026-06-20 19:56:32 | INFO | SVM | trial   2 | params={'C': 4.5705630998014515} | train_F1=0.9869 | val_CV_F1=0.8995
2026-06-20 19:56:36 | INFO | SVM | trial   3 | params={'C': 0.9846738873614566} | train_F1=0.9549 | val_CV_F1=0.8883
2026-06-20 19:56:39 | INFO | SVM | trial   4 | params={'C': 0.006026889128682512} | train_F1=0.7756 | val_CV_F1=0.7493
2026-06-20 19:56:41 | INFO | SVM | trial   5 | params={'C': 0.0060252157362038605} | train_F1=0.7756 | val_CV_F1=0.7493
2026-06-20 19:56:43 | INFO | SVM | trial   6 | params={'C': 0.0019517224641449498} | train_F1=0.7401 | val_CV_F1=0.7206
2026-06-20 19:57:19 | INFO | SVM | trial   7 | params={'C': 21.42302175774105} | train_F1=0.9955 | val_CV_F1=0.9023
2026-06-20 19:57:23 | INFO | SVM | trial   8 | params={'C': 1.0129197956845732} | train_F1=0.9555 | val_CV_F1=0.8890
2026-06-20 19:57:31 | INFO | SVM | trial   9 | params={'C': 3.4702669886504163} | train_F1=0.9830 | val_CV_F1=0.8983
2026-06-20 19:57:31 | INFO | SVM BEST | params={'C': 21.42302175774105} | val_CV_F1=0.9023
2026-06-20 19:57:31 | INFO | SVM: training final model with best params={'C': 21.42302175774105}
2026-06-20 19:57:50 | INFO | SVM | TRAIN | macro_F1=0.9955
2026-06-20 19:57:50 | INFO | SVM | TRAIN | classification report:
              precision    recall  f1-score   support

     Level 0       0.99      0.99      0.99      4688
     Level 1       0.99      0.99      0.99      4688
     Level 2       1.00      1.00      1.00      4688
     Level 3       1.00      1.00      1.00      4688

    accuracy                           1.00     18752
   macro avg       1.00      1.00      1.00     18752
weighted avg       1.00      1.00      1.00     18752

2026-06-20 19:57:50 | INFO | SVM | TEST | macro_F1=0.7015
2026-06-20 19:57:50 | INFO | SVM | TEST | classification report:
              precision    recall  f1-score   support

     Level 0       0.81      0.87      0.84       586
     Level 1       0.77      0.76      0.77       513
     Level 2       0.52      0.44      0.48       171
     Level 3       0.79      0.66      0.72        47

    accuracy                           0.76      1317
   macro avg       0.72      0.68      0.70      1317
weighted avg       0.76      0.76      0.76      1317

2026-06-20 19:57:50 | INFO | SVM SUMMARY | best_params={'C': 21.42302175774105}
2026-06-20 19:57:50 | INFO | Models saved to D:\projects\nlp-swear_words_detector\saved_models/
2026-06-20 19:57:50 | INFO | ============================================================
2026-06-20 19:57:50 | INFO | Complete. Log: D:\projects\nlp-swear_words_detector\logs\classical_smote.log
